.next/dev/types/validator.ts(216,31): error TS2344: Type 'typeof import("C:/soma/desktop/to-do/gymbuddy/src/app/api/groups/[id]/join/route")' does not satisfy the constraint 'RouteHandlerConfig<"/api/groups/[id]/join">'.
  Types of property 'POST' are incompatible.
    Type '(req: NextRequest, { params }: { params: { id: string; }; }) => Promise<NextResponse<{ error: string; }> | NextResponse<{ request: { id: string; createdAt: Date; userId: string; groupId: string; status: string; }; }>>' is not assignable to type '(request: NextRequest, context: { params: Promise<{ id: string; }>; }) => void | Response | Promise<void | Response>'.
      Types of parameters '__1' and 'context' are incompatible.
        Type '{ params: Promise<{ id: string; }>; }' is not assignable to type '{ params: { id: string; }; }'.
          Types of property 'params' are incompatible.
            Property 'id' is missing in type 'Promise<{ id: string; }>' but required in type '{ id: string; }'.
.next/dev/types/validator.ts(225,31): error TS2344: Type 'typeof import("C:/soma/desktop/to-do/gymbuddy/src/app/api/groups/[id]/members/[userId]/route")' does not satisfy the constraint 'RouteHandlerConfig<"/api/groups/[id]/members/[userId]">'.
  Types of property 'DELETE' are incompatible.
    Type '(req: NextRequest, { params }: { params: { id: string; userId: string; }; }) => Promise<NextResponse<{ error: string; }> | NextResponse<{ success: boolean; }>>' is not assignable to type '(request: NextRequest, context: { params: Promise<{ id: string; userId: string; }>; }) => void | Response | Promise<void | Response>'.
      Types of parameters '__1' and 'context' are incompatible.
        Type '{ params: Promise<{ id: string; userId: string; }>; }' is not assignable to type '{ params: { id: string; userId: string; }; }'.
          Types of property 'params' are incompatible.
            Type 'Promise<{ id: string; userId: string; }>' is missing the following properties from type '{ id: string; userId: string; }': id, userId
.next/dev/types/validator.ts(234,31): error TS2344: Type 'typeof import("C:/soma/desktop/to-do/gymbuddy/src/app/api/groups/[id]/requests/route")' does not satisfy the constraint 'RouteHandlerConfig<"/api/groups/[id]/requests">'.
  Types of property 'GET' are incompatible.
    Type '(req: NextRequest, { params }: { params: { id: string; }; }) => Promise<NextResponse<{ error: string; }> | NextResponse<{ requests: ({ user: { name: string; id: string; fitnessLevel: string | null; profileImage: string | null; }; } & { ...; })[]; }>>' is not assignable to type '(request: NextRequest, context: { params: Promise<{ id: string; }>; }) => void | Response | Promise<void | Response>'.
      Types of parameters '__1' and 'context' are incompatible.
        Type '{ params: Promise<{ id: string; }>; }' is not assignable to type '{ params: { id: string; }; }'.
          Types of property 'params' are incompatible.
            Property 'id' is missing in type 'Promise<{ id: string; }>' but required in type '{ id: string; }'.
.next/dev/types/validator.ts(243,31): error TS2344: Type 'typeof import("C:/soma/desktop/to-do/gymbuddy/src/app/api/groups/[id]/route")' does not satisfy the constraint 'RouteHandlerConfig<"/api/groups/[id]">'.
  Types of property 'GET' are incompatible.
    Type '(req: NextRequest, { params }: { params: { id: string; }; }) => Promise<NextResponse<{ error: string; }> | NextResponse<{ group: { _count: { members: number; }; leader: { name: string; id: string; profileImage: string | null; }; members: ({ ...; } & { ...; })[]; } & { ...; }; userRole: null; hasRequested: boolean; }>>' is not assignable to type '(request: NextRequest, context: { params: Promise<{ id: string; }>; }) => void | Response | Promise<void | Response>'.
      Types of parameters '__1' and 'context' are incompatible.
        Type '{ params: Promise<{ id: string; }>; }' is not assignable to type '{ params: { id: string; }; }'.
          Types of property 'params' are incompatible.
            Property 'id' is missing in type 'Promise<{ id: string; }>' but required in type '{ id: string; }'.
.next/dev/types/validator.ts(261,31): error TS2344: Type 'typeof import("C:/soma/desktop/to-do/gymbuddy/src/app/api/groups/prs/[id]/endorse/route")' does not satisfy the constraint 'RouteHandlerConfig<"/api/groups/prs/[id]/endorse">'.
  Types of property 'POST' are incompatible.
    Type '(req: NextRequest, { params }: { params: { id: string; }; }) => Promise<NextResponse<{ error: string; }> | NextResponse<{ success: boolean; }>>' is not assignable to type '(request: NextRequest, context: { params: Promise<{ id: string; }>; }) => void | Response | Promise<void | Response>'.
      Types of parameters '__1' and 'context' are incompatible.
        Type '{ params: Promise<{ id: string; }>; }' is not assignable to type '{ params: { id: string; }; }'.
          Types of property 'params' are incompatible.
            Property 'id' is missing in type 'Promise<{ id: string; }>' but required in type '{ id: string; }'.
.next/types/validator.ts(80,39): error TS2307: Cannot find module '../../src/app/(app)/profile/page.js' or its corresponding type declarations.
src/app/api/groups/[id]/route.ts(31,13): error TS2322: Type 'string | null' is not assignable to type 'null'.
  Type 'string' is not assignable to type 'null'.
src/app/api/groups/prs/[id]/endorse/route.ts(12,33): error TS2551: Property 'pr' does not exist on type 'PrismaClient<PrismaClientOptions, never, DefaultArgs>'. Did you mean 'pR'?
src/app/api/groups/prs/[id]/endorse/route.ts(50,26): error TS2551: Property 'pr' does not exist on type 'PrismaClient<PrismaClientOptions, never, DefaultArgs>'. Did you mean 'pR'?
src/app/api/groups/prs/route.ts(19,33): error TS2551: Property 'pr' does not exist on type 'PrismaClient<PrismaClientOptions, never, DefaultArgs>'. Did you mean 'pR'?
